
blockproperties_k_berechnung.md (1 refs):
  docs/eplan/blockproperties_k_start.md

cabinetgui_h_navigationswuerfelsteuern.md (1 refs):
  docs/eplan/cabinetgui_k_navigationswuerfel.md

devicetaggui_r_feldsichtbaresbmk.htm (19 refs):
  docs/eplan/devicetaggui_r_artikelplatzierung.md
  docs/eplan/devicetaggui_r_artikelplatzierung3d.md
  docs/eplan/devicetaggui_r_blackboxdaten.md
  docs/eplan/devicetaggui_r_bmdaten.md
  docs/eplan/devicetaggui_r_cablingstrecke.md
  docs/eplan/devicetaggui_r_kabelbaum.md
  docs/eplan/devicetaggui_r_kabeldaten.md
  docs/eplan/devicetaggui_r_kabeleinheit.md
  docs/eplan/devicetaggui_r_klemmen.md
  docs/eplan/devicetaggui_r_klemmenleisten.md
  docs/eplan/devicetaggui_r_montageplatte.md
  docs/eplan/devicetaggui_r_paket.md
  docs/eplan/devicetaggui_r_sammelschiene.md
  docs/eplan/devicetaggui_r_spsanschluss.md
  docs/eplan/devicetaggui_r_spskarte.md
  docs/eplan/devicetaggui_r_steckerdefinition.md
  docs/eplan/devicetaggui_r_steckerkontakt.md
  docs/eplan/devicetaggui_r_vdp.md
  docs/eplan/devicetaggui_r_verbindung.md

devicetaggui_r_gruppenfeldeigenschaften.md (40 refs):
  docs/eplan/cabinetgui_d_bauraumeigenschaften.md
  docs/eplan/contoureditorgui_d_kontureigenschaften.md
  docs/eplan/devicetaggui_r_abbruchstelle.md
  docs/eplan/devicetaggui_r_artikelplatzierung.md
  docs/eplan/devicetaggui_r_artikelplatzierung3d.md
  docs/eplan/devicetaggui_r_blackboxdaten.md
  docs/eplan/devicetaggui_r_bmdaten.md
  docs/eplan/devicetaggui_r_busdaten.md
  docs/eplan/devicetaggui_r_cablingstrecke.md
  docs/eplan/devicetaggui_r_kabelbaum.md
  docs/eplan/devicetaggui_r_kabeldaten.md
  docs/eplan/devicetaggui_r_kabeleinheit.md
  docs/eplan/devicetaggui_r_klemmen.md
  docs/eplan/devicetaggui_r_klemmenleisten.md
  docs/eplan/devicetaggui_r_kupferstrang.md
  docs/eplan/devicetaggui_r_locationbox.md
  docs/eplan/devicetaggui_r_loeschzeichen.md
  docs/eplan/devicetaggui_r_montageplatte.md
  docs/eplan/devicetaggui_r_ndp.md
  docs/eplan/devicetaggui_r_paket.md
  docs/eplan/devicetaggui_r_pdp.md
  docs/eplan/devicetaggui_r_rohrleitungsdp.md
  docs/eplan/devicetaggui_r_sammelschiene.md
  docs/eplan/devicetaggui_r_spsanschluss.md
  docs/eplan/devicetaggui_r_spskarte.md
  docs/eplan/devicetaggui_r_spsstruktur.md
  docs/eplan/devicetaggui_r_steckerdefinition.md
  docs/eplan/devicetaggui_r_steckerkontakt.md
  docs/eplan/devicetaggui_r_vdp.md
  docs/eplan/devicetaggui_r_verbindung.md
  docs/eplan/gededit3dgui_r_ansicht2dbohransicht.md
  docs/eplan/gededit3dgui_r_ansichtabwicklung.md
  docs/eplan/gededit3dgui_r_modell.md
  docs/eplan/pagebrowsergui_d_seiteneigenschaften.md
  docs/eplan/pagebrowsergui_d_seitenkopieren.md
  docs/eplan/planninggui_r_messverbraucherstelle.md
  docs/eplan/planninggui_r_planungsobjekt.md
  docs/eplan/planninggui_r_rohrklassestoff.md
  docs/eplan/planninggui_r_rohrleitungsobjekt.md
  docs/eplan/planninggui_r_struktursegment.md

eservicesgui_d_eigenschaftsanordnung.md (1 refs):
  docs/eplan/devicetaggui_r_anzeigeeigenschaften.md

eservicesgui_d_ersetzungstexte.md (1 refs):
  docs/eplan/eservicesgui_d_formatblockeigenschaft.md

eservicesgui_d_formatberechnung.md (6 refs):
  docs/eplan/eservicesgui_d_format.md
  docs/eplan/eservicesgui_d_formateigenschaft.md
  docs/eplan/formeditorgui_h_artikelsummenstueckliste.md

eservicesgui_d_nummusteranschluesse.md (1 refs):
  docs/eplan/navigatorgui_h_mehrerfunktionerzeugen.md

gededitgui_r_bezierkurve.md (2 refs):
  docs/eplan/gededitgui_d_formatgrafik.md
  docs/eplan/gededitgui_h_bezierzeichnen.md

gededitgui_r_ellipse.md (1 refs):
  docs/eplan/gededitgui_d_formatgrafik.md

gededitgui_r_kreis.md (2 refs):
  docs/eplan/gededitgui_d_formatgrafik.md
  docs/eplan/gededitgui_h_kreisezeichnen.md

gededitgui_r_linie.md (2 refs):
  docs/eplan/devicetaggui_r_format.md
  docs/eplan/gededitgui_d_formatgrafik.md

gededitgui_r_polylinie.md (2 refs):
  docs/eplan/devicetaggui_r_format.md
  docs/eplan/gededitgui_d_formatgrafik.md

gededitgui_r_rechteck.md (5 refs):
  docs/eplan/devicetaggui_r_format.md
  docs/eplan/gededit3dgui_r_ansichtabwicklung.md
  docs/eplan/gededit3dgui_r_modell.md
  docs/eplan/gededitgui_d_formatgrafik.md

modaldialogsdb_d_bmkauswahl.md (3 refs):
  docs/eplan/ftechnic_h_bmk_auswaehlen.md
  docs/eplan/ftechnic_k_bmknummerierung.md
  docs/eplan/routinggui_d_phasenschienezuweisen.md

partsimportbmecatgui_d_eclassanwendungsklassen.md (1 refs):
  docs/eplan/partsimportbmecatgui_r_klassenzuordnung.md

userdefproperties_k_prinzip.md (1 refs):
  docs/eplan/userdefproperties_k_start.md

xessettingsgui_d_einstellungenprojektkompatibilitaet.md (2 refs):
  docs/eplan/prjmanagementgui_r_struktur.md
  docs/eplan/stripmanagementgui_d_klemmenleistebearbeiten.md
