WARNING -  Doc file '2.9/availableactions_o_xesuserpropertiesimportaction.md' contains a link 'helpsystem_hinweise_optout.md', but the target '2.9/helpsystem_hinweise_optout.md' is not found among documentation files.
WARNING -  Doc file '2.9/cabinetgui_d_bauraumeigenschaften.md' contains a link 'devicetaggui_r_gruppenfeldeigenschaften.md', but the target '2.9/devicetaggui_r_gruppenfeldeigenschaften.md' is not found among documentation files.
WARNING -  Doc file '2.9/cabinetgui_h_artikelabmessungenaktualisieren.md' contains a link 'messages_p_026100.md', but the target '2.9/messages_p_026100.md' is not found among documentation files.
WARNING -  Doc file '2.9/cabinetgui_h_artikelmigrieren.md' contains a link 'license_k_start.md', but the target '2.9/license_k_start.md' is not found among documentation files.
WARNING -  Doc file '2.9/cabinetgui_h_artikelmigrieren.md' contains a link 'messages_p_026104.md', but the target '2.9/messages_p_026104.md' is not found among documentation files.
WARNING -  Doc file '2.9/cabinetgui_h_artikeltauschen.md' contains a link 'messages_p_026103.md', but the target '2.9/messages_p_026103.md' is not found among documentation files.
WARNING -  Doc file '2.9/cabinetgui_h_bohrsperrflaechenzeichnen.md' contains a link 'messages_p_026013.md', but the target '2.9/messages_p_026013.md' is not found among documentation files.
WARNING -  Doc file '2.9/cabinetgui_h_kollisionskontrolle.md' contains a link 'messages_p_026011.md', but the target '2.9/messages_p_026011.md' is not found among documentation files.
WARNING -  Doc file '2.9/cabinetgui_h_sperrflaechenzeichnen.md' contains a link 'messages_p_026012.md', but the target '2.9/messages_p_026012.md' is not found among documentation files.
WARNING -  Doc file '2.9/cabinetgui_h_verlustleistungsverteilung.md' contains a link 'messages_p_026099.md', but the target '2.9/messages_p_026099.md' is not found among documentation files.
WARNING -  Doc file '2.9/cabinetgui_k_artikelmigrieren.md' contains a link 'license_k_start.md', but the target '2.9/license_k_start.md' is not found among documentation files.
WARNING -  Doc file '2.9/cabinetgui_k_artikelmigrieren.md' contains a link 'messages_p_026104.md', but the target '2.9/messages_p_026104.md' is not found among documentation files.
WARNING -  Doc file '2.9/cabinetgui_k_artikelmigrieren.md' contains a link 'messages_p_026102.md', but the target '2.9/messages_p_026102.md' is not found among documentation files.
WARNING -  Doc file '2.9/cabinetgui_k_artikelmigrieren.md' contains a link 'messages_p_026103.md', but the target '2.9/messages_p_026103.md' is not found among documentation files.
WARNING -  Doc file '2.9/cablinggui_k_verlegeverbindungen.md' contains a link 'messages_p_007023.md', but the target '2.9/messages_p_007023.md' is not found among documentation files.
WARNING -  Doc file '2.9/contoureditorgui_d_kontureigenschaften.md' contains a link 'devicetaggui_r_gruppenfeldeigenschaften.md', but the target '2.9/devicetaggui_r_gruppenfeldeigenschaften.md' is not found among documentation files.
WARNING -  Doc file '2.9/devicetaggui_r_abbruchstelle.md' contains a link 'devicetaggui_r_gruppenfeldeigenschaften.md', but the target '2.9/devicetaggui_r_gruppenfeldeigenschaften.md' is not found among documentation files.
WARNING -  Doc file '2.9/devicetaggui_r_anzeigeeigenschaften.md' contains a link 'eservicesgui_d_eigenschaftsanordnung.md', but the target '2.9/eservicesgui_d_eigenschaftsanordnung.md' is not found among documentation files.
WARNING -  Doc file '2.9/devicetaggui_r_artikelplatzierung.md' contains a link 'devicetaggui_r_feldsichtbaresbmk.md', but the target '2.9/devicetaggui_r_feldsichtbaresbmk.md' is not found among documentation files.
WARNING -  Doc file '2.9/devicetaggui_r_artikelplatzierung.md' contains a link 'devicetaggui_r_gruppenfeldeigenschaften.md', but the target '2.9/devicetaggui_r_gruppenfeldeigenschaften.md' is not found among documentation files.
WARNING -  Doc file '2.9/devicetaggui_r_artikelplatzierung3d.md' contains a link 'devicetaggui_r_feldsichtbaresbmk.md', but the target '2.9/devicetaggui_r_feldsichtbaresbmk.md' is not found among documentation files.
WARNING -  Doc file '2.9/devicetaggui_r_artikelplatzierung3d.md' contains a link 'devicetaggui_r_gruppenfeldeigenschaften.md', but the target '2.9/devicetaggui_r_gruppenfeldeigenschaften.md' is not found among documentation files.
WARNING -  Doc file '2.9/devicetaggui_r_blackboxdaten.md' contains a link 'devicetaggui_r_feldsichtbaresbmk.md', but the target '2.9/devicetaggui_r_feldsichtbaresbmk.md' is not found among documentation files.
WARNING -  Doc file '2.9/devicetaggui_r_blackboxdaten.md' contains a link 'devicetaggui_r_gruppenfeldeigenschaften.md', but the target '2.9/devicetaggui_r_gruppenfeldeigenschaften.md' is not found among documentation files.
WARNING -  Doc file '2.9/devicetaggui_r_bmdaten.md' contains a link 'devicetaggui_r_feldsichtbaresbmk.md', but the target '2.9/devicetaggui_r_feldsichtbaresbmk.md' is not found among documentation files.
WARNING -  Doc file '2.9/devicetaggui_r_bmdaten.md' contains a link 'devicetaggui_r_gruppenfeldeigenschaften.md', but the target '2.9/devicetaggui_r_gruppenfeldeigenschaften.md' is not found among documentation files.
WARNING -  Doc file '2.9/devicetaggui_r_busdaten.md' contains a link 'devicetaggui_r_gruppenfeldeigenschaften.md', but the target '2.9/devicetaggui_r_gruppenfeldeigenschaften.md' is not found among documentation files.
WARNING -  Doc file '2.9/devicetaggui_r_cablingstrecke.md' contains a link 'devicetaggui_r_feldsichtbaresbmk.md', but the target '2.9/devicetaggui_r_feldsichtbaresbmk.md' is not found among documentation files.
WARNING -  Doc file '2.9/devicetaggui_r_cablingstrecke.md' contains a link 'devicetaggui_r_gruppenfeldeigenschaften.md', but the target '2.9/devicetaggui_r_gruppenfeldeigenschaften.md' is not found among documentation files.
WARNING -  Doc file '2.9/devicetaggui_r_format.md' contains a link 'gededitgui_r_linie.md', but the target '2.9/gededitgui_r_linie.md' is not found among documentation files.
WARNING -  Doc file '2.9/devicetaggui_r_format.md' contains a link 'gededitgui_r_polylinie.md', but the target '2.9/gededitgui_r_polylinie.md' is not found among documentation files.
WARNING -  Doc file '2.9/devicetaggui_r_format.md' contains a link 'gededitgui_r_rechteck.md', but the target '2.9/gededitgui_r_rechteck.md' is not found among documentation files.
WARNING -  Doc file '2.9/devicetaggui_r_format.md' contains a link 'gededitgui_r_rechteck.md', but the target '2.9/gededitgui_r_rechteck.md' is not found among documentation files.
WARNING -  Doc file '2.9/devicetaggui_r_kabelbaum.md' contains a link 'devicetaggui_r_feldsichtbaresbmk.md', but the target '2.9/devicetaggui_r_feldsichtbaresbmk.md' is not found among documentation files.
WARNING -  Doc file '2.9/devicetaggui_r_kabelbaum.md' contains a link 'devicetaggui_r_gruppenfeldeigenschaften.md', but the target '2.9/devicetaggui_r_gruppenfeldeigenschaften.md' is not found among documentation files.
WARNING -  Doc file '2.9/devicetaggui_r_kabeldaten.md' contains a link 'devicetaggui_r_feldsichtbaresbmk.md', but the target '2.9/devicetaggui_r_feldsichtbaresbmk.md' is not found among documentation files.
WARNING -  Doc file '2.9/devicetaggui_r_kabeldaten.md' contains a link 'devicetaggui_r_gruppenfeldeigenschaften.md', but the target '2.9/devicetaggui_r_gruppenfeldeigenschaften.md' is not found among documentation files.
WARNING -  Doc file '2.9/devicetaggui_r_klemmen.md' contains a link 'devicetaggui_r_feldsichtbaresbmk.md', but the target '2.9/devicetaggui_r_feldsichtbaresbmk.md' is not found among documentation files.
WARNING -  Doc file '2.9/devicetaggui_r_klemmen.md' contains a link 'devicetaggui_r_gruppenfeldeigenschaften.md', but the target '2.9/devicetaggui_r_gruppenfeldeigenschaften.md' is not found among documentation files.
WARNING -  Doc file '2.9/devicetaggui_r_klemmenleisten.md' contains a link 'devicetaggui_r_feldsichtbaresbmk.md', but the target '2.9/devicetaggui_r_feldsichtbaresbmk.md' is not found among documentation files.
WARNING -  Doc file '2.9/devicetaggui_r_klemmenleisten.md' contains a link 'devicetaggui_r_gruppenfeldeigenschaften.md', but the target '2.9/devicetaggui_r_gruppenfeldeigenschaften.md' is not found among documentation files.
WARNING -  Doc file '2.9/devicetaggui_r_kupferstrang.md' contains a link 'devicetaggui_r_gruppenfeldeigenschaften.md', but the target '2.9/devicetaggui_r_gruppenfeldeigenschaften.md' is not found among documentation files.
WARNING -  Doc file '2.9/devicetaggui_r_locationbox.md' contains a link 'devicetaggui_r_gruppenfeldeigenschaften.md', but the target '2.9/devicetaggui_r_gruppenfeldeigenschaften.md' is not found among documentation files.
WARNING -  Doc file '2.9/devicetaggui_r_loeschzeichen.md' contains a link 'devicetaggui_r_gruppenfeldeigenschaften.md', but the target '2.9/devicetaggui_r_gruppenfeldeigenschaften.md' is not found among documentation files.
WARNING -  Doc file '2.9/devicetaggui_r_montageplatte.md' contains a link 'devicetaggui_r_feldsichtbaresbmk.md', but the target '2.9/devicetaggui_r_feldsichtbaresbmk.md' is not found among documentation files.
WARNING -  Doc file '2.9/devicetaggui_r_montageplatte.md' contains a link 'devicetaggui_r_gruppenfeldeigenschaften.md', but the target '2.9/devicetaggui_r_gruppenfeldeigenschaften.md' is not found among documentation files.
WARNING -  Doc file '2.9/devicetaggui_r_ndp.md' contains a link 'devicetaggui_r_gruppenfeldeigenschaften.md', but the target '2.9/devicetaggui_r_gruppenfeldeigenschaften.md' is not found among documentation files.
WARNING -  Doc file '2.9/devicetaggui_r_paket.md' contains a link 'devicetaggui_r_feldsichtbaresbmk.md', but the target '2.9/devicetaggui_r_feldsichtbaresbmk.md' is not found among documentation files.
WARNING -  Doc file '2.9/devicetaggui_r_paket.md' contains a link 'devicetaggui_r_gruppenfeldeigenschaften.md', but the target '2.9/devicetaggui_r_gruppenfeldeigenschaften.md' is not found among documentation files.
WARNING -  Doc file '2.9/devicetaggui_r_pdp.md' contains a link 'devicetaggui_r_gruppenfeldeigenschaften.md', but the target '2.9/devicetaggui_r_gruppenfeldeigenschaften.md' is not found among documentation files.
WARNING -  Doc file '2.9/devicetaggui_r_rohrleitungsdp.md' contains a link 'devicetaggui_r_gruppenfeldeigenschaften.md', but the target '2.9/devicetaggui_r_gruppenfeldeigenschaften.md' is not found among documentation files.
WARNING -  Doc file '2.9/devicetaggui_r_sammelschiene.md' contains a link 'devicetaggui_r_feldsichtbaresbmk.md', but the target '2.9/devicetaggui_r_feldsichtbaresbmk.md' is not found among documentation files.
WARNING -  Doc file '2.9/devicetaggui_r_sammelschiene.md' contains a link 'devicetaggui_r_gruppenfeldeigenschaften.md', but the target '2.9/devicetaggui_r_gruppenfeldeigenschaften.md' is not found among documentation files.
WARNING -  Doc file '2.9/devicetaggui_r_spsanschluss.md' contains a link 'devicetaggui_r_feldsichtbaresbmk.md', but the target '2.9/devicetaggui_r_feldsichtbaresbmk.md' is not found among documentation files.
WARNING -  Doc file '2.9/devicetaggui_r_spsanschluss.md' contains a link 'devicetaggui_r_gruppenfeldeigenschaften.md', but the target '2.9/devicetaggui_r_gruppenfeldeigenschaften.md' is not found among documentation files.
WARNING -  Doc file '2.9/devicetaggui_r_spskarte.md' contains a link 'devicetaggui_r_feldsichtbaresbmk.md', but the target '2.9/devicetaggui_r_feldsichtbaresbmk.md' is not found among documentation files.
WARNING -  Doc file '2.9/devicetaggui_r_spskarte.md' contains a link 'devicetaggui_r_gruppenfeldeigenschaften.md', but the target '2.9/devicetaggui_r_gruppenfeldeigenschaften.md' is not found among documentation files.
WARNING -  Doc file '2.9/devicetaggui_r_spsstruktur.md' contains a link 'devicetaggui_r_gruppenfeldeigenschaften.md', but the target '2.9/devicetaggui_r_gruppenfeldeigenschaften.md' is not found among documentation files.
WARNING -  Doc file '2.9/devicetaggui_r_steckerdefinition.md' contains a link 'devicetaggui_r_feldsichtbaresbmk.md', but the target '2.9/devicetaggui_r_feldsichtbaresbmk.md' is not found among documentation files.
WARNING -  Doc file '2.9/devicetaggui_r_steckerdefinition.md' contains a link 'devicetaggui_r_gruppenfeldeigenschaften.md', but the target '2.9/devicetaggui_r_gruppenfeldeigenschaften.md' is not found among documentation files.
WARNING -  Doc file '2.9/devicetaggui_r_steckerkontakt.md' contains a link 'devicetaggui_r_feldsichtbaresbmk.md', but the target '2.9/devicetaggui_r_feldsichtbaresbmk.md' is not found among documentation files.
WARNING -  Doc file '2.9/devicetaggui_r_steckerkontakt.md' contains a link 'devicetaggui_r_gruppenfeldeigenschaften.md', but the target '2.9/devicetaggui_r_gruppenfeldeigenschaften.md' is not found among documentation files.
WARNING -  Doc file '2.9/devicetaggui_r_vdp.md' contains a link 'devicetaggui_r_feldsichtbaresbmk.md', but the target '2.9/devicetaggui_r_feldsichtbaresbmk.md' is not found among documentation files.
WARNING -  Doc file '2.9/devicetaggui_r_vdp.md' contains a link 'devicetaggui_r_gruppenfeldeigenschaften.md', but the target '2.9/devicetaggui_r_gruppenfeldeigenschaften.md' is not found among documentation files.
WARNING -  Doc file '2.9/devicetaggui_r_verbindung.md' contains a link 'devicetaggui_r_feldsichtbaresbmk.md', but the target '2.9/devicetaggui_r_feldsichtbaresbmk.md' is not found among documentation files.
WARNING -  Doc file '2.9/devicetaggui_r_verbindung.md' contains a link 'devicetaggui_r_gruppenfeldeigenschaften.md', but the target '2.9/devicetaggui_r_gruppenfeldeigenschaften.md' is not found among documentation files.
WARNING -  Doc file '2.9/edaexportgui_d_einstellungenveroeffentlichen.md' contains a link 'edaexportgui_r_funktionseigenschaften.md', but the target '2.9/edaexportgui_r_funktionseigenschaften.md' is not found among documentation files.
WARNING -  Doc file '2.9/edaexportgui_d_einstellungenveroeffentlichen.md' contains a link 'edaexportgui_r_abrstleigenschaften.md', but the target '2.9/edaexportgui_r_abrstleigenschaften.md' is not found among documentation files.
WARNING -  Doc file '2.9/edaexportgui_r_bauraumeigenschaften.md' contains a link 'edaexportgui_r_funktionseigenschaften.md', but the target '2.9/edaexportgui_r_funktionseigenschaften.md' is not found among documentation files.
WARNING -  Doc file '2.9/edaexportgui_r_bauraumeigenschaften.md' contains a link 'edaexportgui_r_abrstleigenschaften.md', but the target '2.9/edaexportgui_r_abrstleigenschaften.md' is not found among documentation files.
WARNING -  Doc file '2.9/edaexportgui_r_eigenschaften.md' contains a link 'edaexportgui_r_funktionseigenschaften.md', but the target '2.9/edaexportgui_r_funktionseigenschaften.md' is not found among documentation files.
WARNING -  Doc file '2.9/edaexportgui_r_eigenschaften.md' contains a link 'edaexportgui_r_abrstleigenschaften.md', but the target '2.9/edaexportgui_r_abrstleigenschaften.md' is not found among documentation files.
WARNING -  Doc file '2.9/edaexportgui_r_export.md' contains a link 'edaexportgui_r_funktionseigenschaften.md', but the target '2.9/edaexportgui_r_funktionseigenschaften.md' is not found among documentation files.
WARNING -  Doc file '2.9/edaexportgui_r_export.md' contains a link 'edaexportgui_r_abrstleigenschaften.md', but the target '2.9/edaexportgui_r_abrstleigenschaften.md' is not found among documentation files.
WARNING -  Doc file '2.9/edaexportgui_r_seiteneigenschaften.md' contains a link 'edaexportgui_r_funktionseigenschaften.md', but the target '2.9/edaexportgui_r_funktionseigenschaften.md' is not found among documentation files.
WARNING -  Doc file '2.9/edaexportgui_r_seiteneigenschaften.md' contains a link 'edaexportgui_r_abrstleigenschaften.md', but the target '2.9/edaexportgui_r_abrstleigenschaften.md' is not found among documentation files.
WARNING -  Doc file '2.9/eservicesgui_d_formatblockeigenschaft.md' contains a link 'eservicesgui_d_ersetzungstexte.md', but the target '2.9/eservicesgui_d_ersetzungstexte.md' is not found among documentation files.
WARNING -  Doc file '2.9/ftechnic_h_bmk_auswaehlen.md' contains a link 'modaldialogsdb_d_bmkauswahl.md', but the target '2.9/modaldialogsdb_d_bmkauswahl.md' is not found among documentation files.
WARNING -  Doc file '2.9/ftechnic_k_bmknummerierung.md' contains a link 'modaldialogsdb_d_bmkauswahl.md', but the target '2.9/modaldialogsdb_d_bmkauswahl.md' is not found among documentation files.
WARNING -  Doc file '2.9/gededit3dgui_r_ansicht2dbohransicht.md' contains a link 'devicetaggui_r_gruppenfeldeigenschaften.md', but the target '2.9/devicetaggui_r_gruppenfeldeigenschaften.md' is not found among documentation files.
WARNING -  Doc file '2.9/gededit3dgui_r_ansichtabwicklung.md' contains a link 'devicetaggui_r_gruppenfeldeigenschaften.md', but the target '2.9/devicetaggui_r_gruppenfeldeigenschaften.md' is not found among documentation files.
WARNING -  Doc file '2.9/gededit3dgui_r_ansichtabwicklung.md' contains a link 'gededitgui_r_rechteck.md', but the target '2.9/gededitgui_r_rechteck.md' is not found among documentation files.
WARNING -  Doc file '2.9/gededit3dgui_r_modell.md' contains a link 'devicetaggui_r_gruppenfeldeigenschaften.md', but the target '2.9/devicetaggui_r_gruppenfeldeigenschaften.md' is not found among documentation files.
WARNING -  Doc file '2.9/gededit3dgui_r_modell.md' contains a link 'gededitgui_r_rechteck.md', but the target '2.9/gededitgui_r_rechteck.md' is not found among documentation files.
WARNING -  Doc file '2.9/gededitgui_d_formatgrafik.md' contains a link 'gededitgui_r_linie.md', but the target '2.9/gededitgui_r_linie.md' is not found among documentation files.
WARNING -  Doc file '2.9/gededitgui_d_formatgrafik.md' contains a link 'gededitgui_r_polylinie.md', but the target '2.9/gededitgui_r_polylinie.md' is not found among documentation files.
WARNING -  Doc file '2.9/gededitgui_d_formatgrafik.md' contains a link 'gededitgui_r_rechteck.md', but the target '2.9/gededitgui_r_rechteck.md' is not found among documentation files.
WARNING -  Doc file '2.9/gededitgui_d_formatgrafik.md' contains a link 'gededitgui_r_kreis.md', but the target '2.9/gededitgui_r_kreis.md' is not found among documentation files.
WARNING -  Doc file '2.9/gededitgui_d_formatgrafik.md' contains a link 'gededitgui_r_ellipse.md', but the target '2.9/gededitgui_r_ellipse.md' is not found among documentation files.
WARNING -  Doc file '2.9/gededitgui_d_formatgrafik.md' contains a link 'gededitgui_r_bezierkurve.md', but the target '2.9/gededitgui_r_bezierkurve.md' is not found among documentation files.
WARNING -  Doc file '2.9/gededitgui_h_bezierzeichnen.md' contains a link 'gededitgui_r_bezierkurve.md', but the target '2.9/gededitgui_r_bezierkurve.md' is not found among documentation files.
WARNING -  Doc file '2.9/gededitgui_h_kreisezeichnen.md' contains a link 'gededitgui_r_kreis.md', but the target '2.9/gededitgui_r_kreis.md' is not found among documentation files.
WARNING -  Doc file '2.9/navigatorgui_h_mehrerfunktionerzeugen.md' contains a link 'eservicesgui_d_nummusteranschluesse.md', but the target '2.9/eservicesgui_d_nummusteranschluesse.md' is not found among documentation files.
WARNING -  Doc file '2.9/news_p_artikelverwaltung_benutzerdefinierteeigenschaften_212382.md' contains a link '../Pictures/Gui/Lang/eservicesgui_userpropertiesdialog_ls.png', but the target 'Pictures/Gui/Lang/eservicesgui_userpropertiesdialog_ls.png' is not found among documentation files.
WARNING -  Doc file '2.9/news_p_artikelverwaltung_benutzerdefinierteeigenschaften_212382.md' contains a link '../Pictures/Gui/Lang/partsmanagementgui_configpropertytab_ls.png', but the target 'Pictures/Gui/Lang/partsmanagementgui_configpropertytab_ls.png' is not found among documentation files.
WARNING -  Doc file '2.9/news_p_benutzeroberflaeche_alleknotenaufklappen_208238.md' contains a link '../Pictures/Gui/Lang/userinterface_allexpandexample_ls.png', but the target 'Pictures/Gui/Lang/userinterface_allexpandexample_ls.png' is not found among documentation files.
WARNING -  Doc file '2.9/news_p_benutzeroberflaeche_eigenschaftenuebersicht_248488.md' contains a link '../Pictures/Gui/Lang/modaldialogsdb_propertyoverview_ls.png', but the target 'Pictures/Gui/Lang/modaldialogsdb_propertyoverview_ls.png' is not found among documentation files.
WARNING -  Doc file '2.9/news_p_ebenenverwaltung_erweiterungen_233970.md' contains a link '../Pictures/Gui/Lang/layermanager_layermanagerdialog_ls.png', but the target 'Pictures/Gui/Lang/layermanager_layermanagerdialog_ls.png' is not found among documentation files.
WARNING -  Doc file '2.9/news_p_eigenschaftsanordnungen_konfigurieren_205915.md' contains a link '../Pictures/Gui/Lang/eservicesgui_configpropertyarrangement_ls.png', but the target 'Pictures/Gui/Lang/eservicesgui_configpropertyarrangement_ls.png' is not found among documentation files.
WARNING -  Doc file '2.9/news_p_eigenschaftsanordnungen_konfigurieren_205915.md' contains a link '../Pictures/Gui/Lang/devicetaggui_contactimage_ls.png', but the target 'Pictures/Gui/Lang/devicetaggui_contactimage_ls.png' is not found among documentation files.
WARNING -  Doc file '2.9/news_p_einstellungen_internetverbindungen_245730.md' contains a link '../Pictures/Gui/Lang/eplaneplcoreaddinedata_internetconnections_ls.png', but the target 'Pictures/Gui/Lang/eplaneplcoreaddinedata_internetconnections_ls.png' is not found among documentation files.
WARNING -  Doc file '2.9/news_p_grafeditor_datumsformatindividuell_220993.md' contains a link '../Pictures/Gui/Lang/gededitgui_datetimeformat_ls.png', but the target 'Pictures/Gui/Lang/gededitgui_datetimeformat_ls.png' is not found among documentation files.
WARNING -  Doc file '2.9/news_p_platzhalterobjekte_einstellungencogineer_255224.md' contains a link '../Pictures/Gui/Lang/macrosgui_placeholdersettings_ls.png', but the target 'Pictures/Gui/Lang/macrosgui_placeholdersettings_ls.png' is not found among documentation files.
WARNING -  Doc file '2.9/news_p_preplanning_fenstermakrosplatzieren_225346.md' contains a link '../Pictures/Gui/Lang/planninggui_segmentwithwindowmarco_ls.png', but the target 'Pictures/Gui/Lang/planninggui_segmentwithwindowmarco_ls.png' is not found among documentation files.
WARNING -  Doc file '2.9/news_p_preplanning_navigator_objekteanzeigen_251903.md' contains a link '../Pictures/Gui/Lang/planninggui_treesettingsdialog_ls.png', but the target 'Pictures/Gui/Lang/planninggui_treesettingsdialog_ls.png' is not found among documentation files.
WARNING -  Doc file '2.9/news_p_preplanning_ri_objekteeinfaerben_236710.md' contains a link '../Pictures/Gui/Lang/planninggui_generalsettingdialog_ls.png', but the target 'Pictures/Gui/Lang/planninggui_generalsettingdialog_ls.png' is not found among documentation files.
WARNING -  Doc file '2.9/news_p_propanel_montageraster_246555.md' contains a link '../Pictures/Gui/Lang/cabinetgui_mountinggrid_ls.png', but the target 'Pictures/Gui/Lang/cabinetgui_mountinggrid_ls.png' is not found among documentation files.
WARNING -  Doc file '2.9/news_p_seiten_markierungenpdf_241404.md' contains a link '../Pictures/Visualisation/ALL/pdfexportgui_newmarks_av.png', but the target 'Pictures/Visualisation/ALL/pdfexportgui_newmarks_av.png' is not found among documentation files.
WARNING -  Doc file '2.9/news_p_seiten_seitenbeschreibungaendern_220929.md' contains a link '../Pictures/Gui/Lang/pagebrowsergui_adjustingstructure_ls.png', but the target 'Pictures/Gui/Lang/pagebrowsergui_adjustingstructure_ls.png' is not found among documentation files.
WARNING -  Doc file '2.9/news_p_sps_bgtbearbeiten_249250.md' contains a link '../Pictures/Gui/Lang/plcgui_editrack_ls.png', but the target 'Pictures/Gui/Lang/plcgui_editrack_ls.png' is not found among documentation files.
WARNING -  Doc file '2.9/news_p_topologie_nichtplatziertestrecken_223036.md' contains a link '../Pictures/Gui/Lang/connectionsettingsgui_newtopologysettings_ls.png', but the target 'Pictures/Gui/Lang/connectionsettingsgui_newtopologysettings_ls.png' is not found among documentation files.
WARNING -  Doc file '2.9/news_p_uebersetzung_dezimalzahlen_217344.md' contains a link '../Pictures/Gui/Lang/translategui_newusersetting_ls.png', but the target 'Pictures/Gui/Lang/translategui_newusersetting_ls.png' is not found among documentation files.
WARNING -  Doc file '2.9/pagebrowsergui_d_seiteneigenschaften.md' contains a link 'devicetaggui_r_gruppenfeldeigenschaften.md', but the target '2.9/devicetaggui_r_gruppenfeldeigenschaften.md' is not found among documentation files.
WARNING -  Doc file '2.9/pagebrowsergui_d_seitenkopieren.md' contains a link 'devicetaggui_r_gruppenfeldeigenschaften.md', but the target '2.9/devicetaggui_r_gruppenfeldeigenschaften.md' is not found among documentation files.
WARNING -  Doc file '2.9/partsimportbmecatgui_r_klassenzuordnung.md' contains a link 'partsimportbmecatgui_d_eclassanwendungsklassen.md', but the target '2.9/partsimportbmecatgui_d_eclassanwendungsklassen.md' is not found among documentation files.
WARNING -  Doc file '2.9/partsmanagementgui_d_gewerk.md' contains a link 'partsmanagementgui_d_gewerkauswaehlen.md', but the target '2.9/partsmanagementgui_d_gewerkauswaehlen.md' is not found among documentation files.
WARNING -  Doc file '2.9/planninggui_r_messverbraucherstelle.md' contains a link 'devicetaggui_r_gruppenfeldeigenschaften.md', but the target '2.9/devicetaggui_r_gruppenfeldeigenschaften.md' is not found among documentation files.
WARNING -  Doc file '2.9/planninggui_r_planungsobjekt.md' contains a link 'devicetaggui_r_gruppenfeldeigenschaften.md', but the target '2.9/devicetaggui_r_gruppenfeldeigenschaften.md' is not found among documentation files.
WARNING -  Doc file '2.9/planninggui_r_rohrklassestoff.md' contains a link 'devicetaggui_r_gruppenfeldeigenschaften.md', but the target '2.9/devicetaggui_r_gruppenfeldeigenschaften.md' is not found among documentation files.
WARNING -  Doc file '2.9/planninggui_r_rohrleitungsobjekt.md' contains a link 'devicetaggui_r_gruppenfeldeigenschaften.md', but the target '2.9/devicetaggui_r_gruppenfeldeigenschaften.md' is not found among documentation files.
WARNING -  Doc file '2.9/planninggui_r_struktursegment.md' contains a link 'devicetaggui_r_gruppenfeldeigenschaften.md', but the target '2.9/devicetaggui_r_gruppenfeldeigenschaften.md' is not found among documentation files.
WARNING -  Doc file '2.9/plcgui_d_exportbuskonfig.md' contains a link 'plcgui_d_optionsaml.md', but the target '2.9/plcgui_d_optionsaml.md' is not found among documentation files.
WARNING -  Doc file '2.9/plcgui_k_amlbusdatenaustausch.md' contains a link 'plcgui_d_optionsaml.md', but the target '2.9/plcgui_d_optionsaml.md' is not found among documentation files.
WARNING -  Doc file '2.9/prjmanagementgui_r_struktur.md' contains a link 'xessettingsgui_d_einstellungenprojektkompatibilitaet.md', but the target '2.9/xessettingsgui_d_einstellungenprojektkompatibilitaet.md' is not found among documentation files.
WARNING -  Doc file '2.9/productionwiringgui_h_smartwiringdatenexportieren.md' contains a link 'edaexportgui_d_smartwiring.md', but the target '2.9/edaexportgui_d_smartwiring.md' is not found among documentation files.
WARNING -  Doc file '2.9/projectprocessinggui_d_bmdatenimport.md' contains a link 'projectprocessinggui_d_einstellungenbetriebsmittelimport.md', but the target '2.9/projectprocessinggui_d_einstellungenbetriebsmittelimport.md' is not found among documentation files.
WARNING -  Doc file '2.9/projectprocessinggui_d_verbindungsdatenimport.md' contains a link 'projectprocessinggui_d_einstellungenbetriebsmittelimport.md', but the target '2.9/projectprocessinggui_d_einstellungenbetriebsmittelimport.md' is not found among documentation files.
WARNING -  Doc file '2.9/routinggui_d_phasenschienezuweisen.md' contains a link 'modaldialogsdb_d_bmkauswahl.md', but the target '2.9/modaldialogsdb_d_bmkauswahl.md' is not found among documentation files.
WARNING -  Doc file '2.9/stripmanagementgui_d_klemmenleistebearbeiten.md' contains a link 'xessettingsgui_d_einstellungenprojektkompatibilitaet.md', but the target '2.9/xessettingsgui_d_einstellungenprojektkompatibilitaet.md' is not found among documentation files.
WARNING -  Doc file '2.9/symboleditorgui_d_eigenschaftsplatzierung.md' contains a link '../../../DeviceTagGUI/Content/htm/devicetaggui_r_anzeigeeigenschaften.md', but the target '../../DeviceTagGUI/Content/htm/devicetaggui_r_anzeigeeigenschaften.md' is not found among documentation files.
WARNING -  Doc file '2.9/symboleditorgui_d_eigenschaftsplatzierung.md' contains a link '../../../DeviceTagGUI/Content/htm/devicetaggui_r_anzeigekontaktspiegel.md', but the target '../../DeviceTagGUI/Content/htm/devicetaggui_r_anzeigekontaktspiegel.md' is not found among documentation files.
WARNING -  Doc file '2.9/userdefproperties_k_start.md' contains a link 'userdefproperties_k_prinzip.md', but the target '2.9/userdefproperties_k_prinzip.md' is not found among documentation files.
WARNING -  Doc file '2.9/msg/messages_o_028Preplanning.md' contains a link 'messages_p_028032.md', but the target '2.9/msg/messages_p_028032.md' is not found among documentation files.
